GAS LISTING /tmp/ccISsM8e.s 			page 1


   1               	# 1 "usbtiny/crc.S"
   1               	; ======================================================================
   0               	
   2               	; Calculate and append CRC
   3               	;
   4               	; There are two versions of the CRC16 calculation, selectable by the
   5               	; USBTINY_FAST_CRC macro. The default implementation calculates one bit
   6               	; at a time, and is compact but relatively slow. The "fast" version
   7               	; processes 4 bits at a time, and is about twice as fast, but 42 bytes
   8               	; larger.
   9               	;
  10               	; The fast version calculates 4 bits at a time, using a precomputed table
  11               	; of 16 values. Each value is 16 bits, but only the 8 significant bits
  12               	; are stored. The table should not cross a 256-byte page. The check.py
  13               	; script will check for this. An 8 bit algoritm would be even faster,
  14               	; but requires a lookup table of 512 bytes.
  15               	;
  16               	; Copyright 2006-2010 Dick Streefland
  17               	;
  18               	; This is free software, licensed under the terms of the GNU General
  19               	; Public License as published by the Free Software Foundation.
  20               	; ======================================================================
  21               	
  22               	#include "def.h"
   1               	// ======================================================================
   2               	// Common definitions for the USB driver
   3               	//
   4               	// Copyright 2006-2010 Dick Streefland
   5               	//
   6               	// This is free software, licensed under the terms of the GNU General
   7               	// Public License as published by the Free Software Foundation.
   8               	// ======================================================================
   9               	
  10               	#ifdef __ASSEMBLER__
  11               	#define	__SFR_OFFSET		0
  12               	#endif
  13               	#include <avr/io.h>
   1               	/* Copyright (c) 2002,2003,2005,2006,2007 Marek Michalkiewicz, Joerg Wunsch
   2               	   Copyright (c) 2007 Eric B. Weddington
   3               	   All rights reserved.
   4               	
   5               	   Redistribution and use in source and binary forms, with or without
   6               	   modification, are permitted provided that the following conditions are met:
   7               	
   8               	   * Redistributions of source code must retain the above copyright
   9               	     notice, this list of conditions and the following disclaimer.
  10               	
  11               	   * Redistributions in binary form must reproduce the above copyright
  12               	     notice, this list of conditions and the following disclaimer in
  13               	     the documentation and/or other materials provided with the
  14               	     distribution.
  15               	
  16               	   * Neither the name of the copyright holders nor the names of
  17               	     contributors may be used to endorse or promote products derived
  18               	     from this software without specific prior written permission.
  19               	
  20               	  THIS SOFTWARE IS PROVIDED BY THE COPYRIGHT HOLDERS AND CONTRIBUTORS "AS IS"
GAS LISTING /tmp/ccISsM8e.s 			page 2


  21               	  AND ANY EXPRESS OR IMPLIED WARRANTIES, INCLUDING, BUT NOT LIMITED TO, THE
  22               	  IMPLIED WARRANTIES OF MERCHANTABILITY AND FITNESS FOR A PARTICULAR PURPOSE
  23               	  ARE DISCLAIMED. IN NO EVENT SHALL THE COPYRIGHT OWNER OR CONTRIBUTORS BE
  24               	  LIABLE FOR ANY DIRECT, INDIRECT, INCIDENTAL, SPECIAL, EXEMPLARY, OR
  25               	  CONSEQUENTIAL DAMAGES (INCLUDING, BUT NOT LIMITED TO, PROCUREMENT OF
  26               	  SUBSTITUTE GOODS OR SERVICES; LOSS OF USE, DATA, OR PROFITS; OR BUSINESS
  27               	  INTERRUPTION) HOWEVER CAUSED AND ON ANY THEORY OF LIABILITY, WHETHER IN
  28               	  CONTRACT, STRICT LIABILITY, OR TORT (INCLUDING NEGLIGENCE OR OTHERWISE)
  29               	  ARISING IN ANY WAY OUT OF THE USE OF THIS SOFTWARE, EVEN IF ADVISED OF THE
  30               	  POSSIBILITY OF SUCH DAMAGE. */
  31               	
  32               	/* $Id: io.h 2211 2011-02-14 14:04:25Z aboyapati $ */
  33               	
  34               	/** \file */
  35               	/** \defgroup avr_io <avr/io.h>: AVR device-specific IO definitions
  36               	    \code #include <avr/io.h> \endcode
  37               	
  38               	    This header file includes the apropriate IO definitions for the
  39               	    device that has been specified by the <tt>-mmcu=</tt> compiler
  40               	    command-line switch.  This is done by diverting to the appropriate
  41               	    file <tt>&lt;avr/io</tt><em>XXXX</em><tt>.h&gt;</tt> which should
  42               	    never be included directly.  Some register names common to all
  43               	    AVR devices are defined directly within <tt>&lt;avr/common.h&gt;</tt>,
  44               	    which is included in <tt>&lt;avr/io.h&gt;</tt>,
  45               	    but most of the details come from the respective include file.
  46               	
  47               	    Note that this file always includes the following files:
  48               	    \code 
  49               	    #include <avr/sfr_defs.h>
  50               	    #include <avr/portpins.h>
  51               	    #include <avr/common.h>
  52               	    #include <avr/version.h>
  53               	    \endcode
  54               	    See \ref avr_sfr for more details about that header file.
  55               	
  56               	    Included are definitions of the IO register set and their
  57               	    respective bit values as specified in the Atmel documentation.
  58               	    Note that inconsistencies in naming conventions,
  59               	    so even identical functions sometimes get different names on
  60               	    different devices.
  61               	
  62               	    Also included are the specific names useable for interrupt
  63               	    function definitions as documented
  64               	    \ref avr_signames "here".
  65               	
  66               	    Finally, the following macros are defined:
  67               	
  68               	    - \b RAMEND
  69               	    <br>
  70               	    The last on-chip RAM address.
  71               	    <br>
  72               	    - \b XRAMEND
  73               	    <br>
  74               	    The last possible RAM location that is addressable. This is equal to 
  75               	    RAMEND for devices that do not allow for external RAM. For devices 
  76               	    that allow external RAM, this will be larger than RAMEND.
  77               	    <br>
GAS LISTING /tmp/ccISsM8e.s 			page 3


  78               	    - \b E2END
  79               	    <br>
  80               	    The last EEPROM address.
  81               	    <br>
  82               	    - \b FLASHEND
  83               	    <br>
  84               	    The last byte address in the Flash program space.
  85               	    <br>
  86               	    - \b SPM_PAGESIZE
  87               	    <br>
  88               	    For devices with bootloader support, the flash pagesize
  89               	    (in bytes) to be used for the \c SPM instruction. 
  90               	    - \b E2PAGESIZE
  91               	    <br>
  92               	    The size of the EEPROM page.
  93               	    
  94               	*/
  95               	
  96               	#ifndef _AVR_IO_H_
  97               	#define _AVR_IO_H_
  98               	
  99               	#include <avr/sfr_defs.h>
   1               	/* Copyright (c) 2002, Marek Michalkiewicz <marekm@amelek.gda.pl>
 100               	
 101               	#if defined (__AVR_AT94K__)
 102               	#  include <avr/ioat94k.h>
 103               	#elif defined (__AVR_AT43USB320__)
 104               	#  include <avr/io43u32x.h>
 105               	#elif defined (__AVR_AT43USB355__)
 106               	#  include <avr/io43u35x.h>
 107               	#elif defined (__AVR_AT76C711__)
 108               	#  include <avr/io76c711.h>
 109               	#elif defined (__AVR_AT86RF401__)
 110               	#  include <avr/io86r401.h>
 111               	#elif defined (__AVR_AT90PWM1__)
 112               	#  include <avr/io90pwm1.h>
 113               	#elif defined (__AVR_AT90PWM2__)
 114               	#  include <avr/io90pwmx.h>
 115               	#elif defined (__AVR_AT90PWM2B__)
 116               	#  include <avr/io90pwm2b.h>
 117               	#elif defined (__AVR_AT90PWM3__)
 118               	#  include <avr/io90pwmx.h>
 119               	#elif defined (__AVR_AT90PWM3B__)
 120               	#  include <avr/io90pwm3b.h>
 121               	#elif defined (__AVR_AT90PWM216__)
 122               	#  include <avr/io90pwm216.h>
 123               	#elif defined (__AVR_AT90PWM316__)
 124               	#  include <avr/io90pwm316.h>
 125               	#elif defined (__AVR_AT90PWM81__)
 126               	#  include <avr/io90pwm81.h>
 127               	#elif defined (__AVR_ATmega8U2__)
 128               	#  include <avr/iom8u2.h>
 129               	#elif defined (__AVR_ATmega16M1__)
 130               	#  include <avr/iom16m1.h>
 131               	#elif defined (__AVR_ATmega16U2__)
 132               	#  include <avr/iom16u2.h>
 133               	#elif defined (__AVR_ATmega16U4__)
GAS LISTING /tmp/ccISsM8e.s 			page 4


 134               	#  include <avr/iom16u4.h>
 135               	#elif defined (__AVR_ATmega32C1__)
 136               	#  include <avr/iom32c1.h>
 137               	#elif defined (__AVR_ATmega32M1__)
 138               	#  include <avr/iom32m1.h>
 139               	#elif defined (__AVR_ATmega32U2__)
 140               	#  include <avr/iom32u2.h>
 141               	#elif defined (__AVR_ATmega32U4__)
 142               	#  include <avr/iom32u4.h>
 143               	#elif defined (__AVR_ATmega32U6__)
 144               	#  include <avr/iom32u6.h>
 145               	#elif defined (__AVR_ATmega64C1__)
 146               	#  include <avr/iom64c1.h>
 147               	#elif defined (__AVR_ATmega64M1__)
 148               	#  include <avr/iom64m1.h>
 149               	#elif defined (__AVR_ATmega128__)
 150               	#  include <avr/iom128.h>
 151               	#elif defined (__AVR_ATmega1280__)
 152               	#  include <avr/iom1280.h>
 153               	#elif defined (__AVR_ATmega1281__)
 154               	#  include <avr/iom1281.h>
 155               	#elif defined (__AVR_ATmega1284P__)
 156               	#  include <avr/iom1284p.h>
 157               	#elif defined (__AVR_ATmega128RFA1__)
 158               	#  include <avr/iom128rfa1.h>
 159               	#elif defined (__AVR_ATmega2560__)
 160               	#  include <avr/iom2560.h>
 161               	#elif defined (__AVR_ATmega2561__)
 162               	#  include <avr/iom2561.h>
 163               	#elif defined (__AVR_AT90CAN32__)
 164               	#  include <avr/iocan32.h>
 165               	#elif defined (__AVR_AT90CAN64__)
 166               	#  include <avr/iocan64.h>
 167               	#elif defined (__AVR_AT90CAN128__)
 168               	#  include <avr/iocan128.h>
 169               	#elif defined (__AVR_AT90USB82__)
 170               	#  include <avr/iousb82.h>
 171               	#elif defined (__AVR_AT90USB162__)
 172               	#  include <avr/iousb162.h>
 173               	#elif defined (__AVR_AT90USB646__)
 174               	#  include <avr/iousb646.h>
 175               	#elif defined (__AVR_AT90USB647__)
 176               	#  include <avr/iousb647.h>
 177               	#elif defined (__AVR_AT90USB1286__)
 178               	#  include <avr/iousb1286.h>
 179               	#elif defined (__AVR_AT90USB1287__)
 180               	#  include <avr/iousb1287.h>
 181               	#elif defined (__AVR_ATmega64__)
 182               	#  include <avr/iom64.h>
 183               	#elif defined (__AVR_ATmega640__)
 184               	#  include <avr/iom640.h>
 185               	#elif defined (__AVR_ATmega644__) || defined (__AVR_ATmega644A__)
 186               	#  include <avr/iom644.h>
 187               	#elif defined (__AVR_ATmega644P__)
 188               	#  include <avr/iom644p.h>
 189               	#elif defined (__AVR_ATmega644PA__)
 190               	#  include <avr/iom644pa.h>
GAS LISTING /tmp/ccISsM8e.s 			page 5


 191               	#elif defined (__AVR_ATmega645__) || defined (__AVR_ATmega645A__) || defined (__AVR_ATmega645P__)
 192               	#  include <avr/iom645.h>
 193               	#elif defined (__AVR_ATmega6450__) || defined (__AVR_ATmega6450A__) || defined (__AVR_ATmega6450P__
 194               	#  include <avr/iom6450.h>
 195               	#elif defined (__AVR_ATmega649__) || defined (__AVR_ATmega649A__)
 196               	#  include <avr/iom649.h>
 197               	#elif defined (__AVR_ATmega6490__) || defined (__AVR_ATmega6490A__) || defined (__AVR_ATmega6490P__
 198               	#  include <avr/iom6490.h>
 199               	#elif defined (__AVR_ATmega649P__)
 200               	#  include <avr/iom649p.h>
 201               	#elif defined (__AVR_ATmega64HVE__)
 202               	#  include <avr/iom64hve.h>
 203               	#elif defined (__AVR_ATmega103__)
 204               	#  include <avr/iom103.h>
 205               	#elif defined (__AVR_ATmega32__)
 206               	#  include <avr/iom32.h>
 207               	#elif defined (__AVR_ATmega323__)
 208               	#  include <avr/iom323.h>
 209               	#elif defined (__AVR_ATmega324P__) || defined (__AVR_ATmega324A__)
 210               	#  include <avr/iom324.h>
 211               	#elif defined (__AVR_ATmega324PA__)
 212               	#  include <avr/iom324pa.h>
 213               	#elif defined (__AVR_ATmega325__) || defined (__AVR_ATmega325A__)
 214               	#  include <avr/iom325.h>
 215               	#elif defined (__AVR_ATmega325P__)
 216               	#  include <avr/iom325.h>
 217               	#elif defined (__AVR_ATmega3250__) || defined (__AVR_ATmega3250A__)
 218               	#  include <avr/iom3250.h>
 219               	#elif defined (__AVR_ATmega3250P__)
 220               	#  include <avr/iom3250.h>
 221               	#elif defined (__AVR_ATmega328P__) || defined (__AVR_ATmega328__)
 222               	#  include <avr/iom328p.h>
 223               	#elif defined (__AVR_ATmega329__) || defined (__AVR_ATmega329A__)
 224               	#  include <avr/iom329.h>
 225               	#elif defined (__AVR_ATmega329P__) || defined (__AVR_ATmega329PA__)
 226               	#  include <avr/iom329.h>
 227               	#elif defined (__AVR_ATmega3290__) || defined (__AVR_ATmega3290A__)
 228               	#  include <avr/iom3290.h>
 229               	#elif defined (__AVR_ATmega3290P__)
 230               	#  include <avr/iom3290.h>
 231               	#elif defined (__AVR_ATmega32HVB__)
 232               	#  include <avr/iom32hvb.h>
 233               	#elif defined (__AVR_ATmega32HVBREVB__)
 234               	#  include <avr/iom32hvbrevb.h>
 235               	#elif defined (__AVR_ATmega406__)
 236               	#  include <avr/iom406.h>
 237               	#elif defined (__AVR_ATmega16__)
 238               	#  include <avr/iom16.h>
 239               	#elif defined (__AVR_ATmega16A__)
 240               	#  include <avr/iom16a.h>
 241               	#elif defined (__AVR_ATmega161__)
 242               	#  include <avr/iom161.h>
 243               	#elif defined (__AVR_ATmega162__)
 244               	#  include <avr/iom162.h>
 245               	#elif defined (__AVR_ATmega163__)
 246               	#  include <avr/iom163.h>
 247               	#elif defined (__AVR_ATmega164P__) || defined (__AVR_ATmega164A__)
GAS LISTING /tmp/ccISsM8e.s 			page 6


 248               	#  include <avr/iom164.h>
 249               	#elif defined (__AVR_ATmega165__) || defined (__AVR_ATmega165A__)
 250               	#  include <avr/iom165.h>
 251               	#elif defined (__AVR_ATmega165P__)
 252               	#  include <avr/iom165p.h>
 253               	#elif defined (__AVR_ATmega168__) || defined (__AVR_ATmega168A__)
 254               	#  include <avr/iom168.h>
 255               	#elif defined (__AVR_ATmega168P__)
 256               	#  include <avr/iom168p.h>
 257               	#elif defined (__AVR_ATmega169__) || defined (__AVR_ATmega169A__)
 258               	#  include <avr/iom169.h>
 259               	#elif defined (__AVR_ATmega169P__)
 260               	#  include <avr/iom169p.h>
 261               	#elif defined (__AVR_ATmega169PA__)
 262               	#  include <avr/iom169pa.h>
 263               	#elif defined (__AVR_ATmega8HVA__)
 264               	#  include <avr/iom8hva.h>
 265               	#elif defined (__AVR_ATmega16HVA__)
 266               	#  include <avr/iom16hva.h>
 267               	#elif defined (__AVR_ATmega16HVA2__)
 268               	#  include <avr/iom16hva2.h>
 269               	#elif defined (__AVR_ATmega16HVB__)
 270               	#  include <avr/iom16hvb.h>
 271               	#elif defined (__AVR_ATmega16HVBREVB__)
 272               	#  include <avr/iom16hvbrevb.h>
 273               	#elif defined (__AVR_ATmega8__)
 274               	#  include <avr/iom8.h>
 275               	#elif defined (__AVR_ATmega48__) || defined (__AVR_ATmega48A__)
 276               	#  include <avr/iom48.h>
 277               	#elif defined (__AVR_ATmega48P__)
 278               	#  include <avr/iom48p.h>
 279               	#elif defined (__AVR_ATmega88__) || defined (__AVR_ATmega88A__)
 280               	#  include <avr/iom88.h>
 281               	#elif defined (__AVR_ATmega88P__)
 282               	#  include <avr/iom88p.h>
 283               	#elif defined (__AVR_ATmega88PA__)
 284               	#  include <avr/iom88pa.h>
 285               	#elif defined (__AVR_ATmega8515__)
 286               	#  include <avr/iom8515.h>
 287               	#elif defined (__AVR_ATmega8535__)
 288               	#  include <avr/iom8535.h>
 289               	#elif defined (__AVR_AT90S8535__)
 290               	#  include <avr/io8535.h>
 291               	#elif defined (__AVR_AT90C8534__)
 292               	#  include <avr/io8534.h>
 293               	#elif defined (__AVR_AT90S8515__)
 294               	#  include <avr/io8515.h>
 295               	#elif defined (__AVR_AT90S4434__)
 296               	#  include <avr/io4434.h>
 297               	#elif defined (__AVR_AT90S4433__)
 298               	#  include <avr/io4433.h>
 299               	#elif defined (__AVR_AT90S4414__)
 300               	#  include <avr/io4414.h>
 301               	#elif defined (__AVR_ATtiny22__)
 302               	#  include <avr/iotn22.h>
 303               	#elif defined (__AVR_ATtiny26__)
 304               	#  include <avr/iotn26.h>
GAS LISTING /tmp/ccISsM8e.s 			page 7


 305               	#elif defined (__AVR_AT90S2343__)
 306               	#  include <avr/io2343.h>
 307               	#elif defined (__AVR_AT90S2333__)
 308               	#  include <avr/io2333.h>
 309               	#elif defined (__AVR_AT90S2323__)
 310               	#  include <avr/io2323.h>
 311               	#elif defined (__AVR_AT90S2313__)
 312               	#  include <avr/io2313.h>
 313               	#elif defined (__AVR_ATtiny4__)
 314               	#  include <avr/iotn4.h>
 315               	#elif defined (__AVR_ATtiny5__)
 316               	#  include <avr/iotn5.h>
 317               	#elif defined (__AVR_ATtiny9__)
 318               	#  include <avr/iotn9.h>
 319               	#elif defined (__AVR_ATtiny10__)
 320               	#  include <avr/iotn10.h>
 321               	#elif defined (__AVR_ATtiny20__)
 322               	#  include <avr/iotn20.h>
 323               	#elif defined (__AVR_ATtiny40__)
 324               	#  include <avr/iotn40.h>
 325               	#elif defined (__AVR_ATtiny2313__)
 326               	#  include <avr/iotn2313.h>
 327               	#elif defined (__AVR_ATtiny2313A__)
 328               	#  include <avr/iotn2313a.h>
 329               	#elif defined (__AVR_ATtiny13__)
 330               	#  include <avr/iotn13.h>
 331               	#elif defined (__AVR_ATtiny13A__)
 332               	#  include <avr/iotn13a.h>
 333               	#elif defined (__AVR_ATtiny25__)
 334               	#  include <avr/iotn25.h>
   1               	/* Copyright (c) 2005, Joerg Wunsch
   2               	   All rights reserved.
   3               	
   4               	   Redistribution and use in source and binary forms, with or without
   5               	   modification, are permitted provided that the following conditions are met:
   6               	
   7               	   * Redistributions of source code must retain the above copyright
   8               	     notice, this list of conditions and the following disclaimer.
   9               	
  10               	   * Redistributions in binary form must reproduce the above copyright
  11               	     notice, this list of conditions and the following disclaimer in
  12               	     the documentation and/or other materials provided with the
  13               	     distribution.
  14               	
  15               	   * Neither the name of the copyright holders nor the names of
  16               	     contributors may be used to endorse or promote products derived
  17               	     from this software without specific prior written permission.
  18               	
  19               	  THIS SOFTWARE IS PROVIDED BY THE COPYRIGHT HOLDERS AND CONTRIBUTORS "AS IS"
  20               	  AND ANY EXPRESS OR IMPLIED WARRANTIES, INCLUDING, BUT NOT LIMITED TO, THE
  21               	  IMPLIED WARRANTIES OF MERCHANTABILITY AND FITNESS FOR A PARTICULAR PURPOSE
  22               	  ARE DISCLAIMED. IN NO EVENT SHALL THE COPYRIGHT OWNER OR CONTRIBUTORS BE
  23               	  LIABLE FOR ANY DIRECT, INDIRECT, INCIDENTAL, SPECIAL, EXEMPLARY, OR
  24               	  CONSEQUENTIAL DAMAGES (INCLUDING, BUT NOT LIMITED TO, PROCUREMENT OF
  25               	  SUBSTITUTE GOODS OR SERVICES; LOSS OF USE, DATA, OR PROFITS; OR BUSINESS
  26               	  INTERRUPTION) HOWEVER CAUSED AND ON ANY THEORY OF LIABILITY, WHETHER IN
  27               	  CONTRACT, STRICT LIABILITY, OR TORT (INCLUDING NEGLIGENCE OR OTHERWISE)
GAS LISTING /tmp/ccISsM8e.s 			page 8


  28               	  ARISING IN ANY WAY OUT OF THE USE OF THIS SOFTWARE, EVEN IF ADVISED OF THE
  29               	  POSSIBILITY OF SUCH DAMAGE. */
  30               	
  31               	/* $Id: iotn25.h 2115 2010-04-05 23:19:53Z arcanum $ */
  32               	
  33               	/* avr/iotn25.h - definitions for ATtiny25 */
  34               	
  35               	#ifndef _AVR_IOTN25_H_
  36               	#define _AVR_IOTN25_H_ 1
  37               	
  38               	#include <avr/iotnx5.h>
   1               	/* Copyright (c) 2005,2007 Anatoly Sokolov
  39               	
 335               	#elif defined (__AVR_ATtiny4313__)
 336               	#  include <avr/iotn4313.h>
 337               	#elif defined (__AVR_ATtiny45__)
 338               	#  include <avr/iotn45.h>
 339               	#elif defined (__AVR_ATtiny85__)
 340               	#  include <avr/iotn85.h>
 341               	#elif defined (__AVR_ATtiny24__)
 342               	#  include <avr/iotn24.h>
 343               	#elif defined (__AVR_ATtiny24A__)
 344               	#  include <avr/iotn24a.h>
 345               	#elif defined (__AVR_ATtiny44__)
 346               	#  include <avr/iotn44.h>
 347               	#elif defined (__AVR_ATtiny44A__)
 348               	#  include <avr/iotn44a.h>
 349               	#elif defined (__AVR_ATtiny84__)
 350               	#  include <avr/iotn84.h>
 351               	#elif defined (__AVR_ATtiny84A__)
 352               	#  include <avr/iotn84a.h>  
 353               	#elif defined (__AVR_ATtiny261__)
 354               	#  include <avr/iotn261.h>
 355               	#elif defined (__AVR_ATtiny261A__)
 356               	#  include <avr/iotn261a.h>
 357               	#elif defined (__AVR_ATtiny461__)
 358               	#  include <avr/iotn461.h>
 359               	#elif defined (__AVR_ATtiny461A__)
 360               	#  include <avr/iotn461a.h>
 361               	#elif defined (__AVR_ATtiny861__)
 362               	#  include <avr/iotn861.h>
 363               	#elif defined (__AVR_ATtiny861A__)
 364               	#  include <avr/iotn861a.h>
 365               	#elif defined (__AVR_ATtiny43U__)
 366               	#  include <avr/iotn43u.h>
 367               	#elif defined (__AVR_ATtiny48__)
 368               	#  include <avr/iotn48.h>
 369               	#elif defined (__AVR_ATtiny88__)
 370               	#  include <avr/iotn88.h>
 371               	#elif defined (__AVR_ATtiny87__)
 372               	#  include <avr/iotn87.h>
 373               	#elif defined (__AVR_ATtiny167__)
 374               	#  include <avr/iotn167.h>
 375               	#elif defined (__AVR_AT90SCR100__)
 376               	#  include <avr/io90scr100.h>
 377               	#elif defined (__AVR_ATxmega16A4__)
 378               	#  include <avr/iox16a4.h>
GAS LISTING /tmp/ccISsM8e.s 			page 9


 379               	#elif defined (__AVR_ATxmega16D4__)
 380               	#  include <avr/iox16d4.h>
 381               	#elif defined (__AVR_ATxmega32A4__)
 382               	#  include <avr/iox32a4.h>
 383               	#elif defined (__AVR_ATxmega32D4__)
 384               	#  include <avr/iox32d4.h>
 385               	#elif defined (__AVR_ATxmega64A1__)
 386               	#  include <avr/iox64a1.h>
 387               	#elif defined (__AVR_ATxmega64A1U__)
 388               	#  include <avr/iox64a1u.h>
 389               	#elif defined (__AVR_ATxmega64A3__)
 390               	#  include <avr/iox64a3.h>
 391               	#elif defined (__AVR_ATxmega64D3__)
 392               	#  include <avr/iox64d3.h>
 393               	#elif defined (__AVR_ATxmega128A1__)
 394               	#  include <avr/iox128a1.h>
 395               	#elif defined (__AVR_ATxmega128A1U__)
 396               	#  include <avr/iox128a1u.h>
 397               	#elif defined (__AVR_ATxmega128A3__)
 398               	#  include <avr/iox128a3.h>
 399               	#elif defined (__AVR_ATxmega128D3__)
 400               	#  include <avr/iox128d3.h>
 401               	#elif defined (__AVR_ATxmega192A3__)
 402               	#  include <avr/iox192a3.h>
 403               	#elif defined (__AVR_ATxmega192D3__)
 404               	#  include <avr/iox192d3.h>
 405               	#elif defined (__AVR_ATxmega256A3__)
 406               	#  include <avr/iox256a3.h>
 407               	#elif defined (__AVR_ATxmega256A3B__)
 408               	#  include <avr/iox256a3b.h>
 409               	#elif defined (__AVR_ATxmega256D3__)
 410               	#  include <avr/iox256d3.h>
 411               	#elif defined (__AVR_ATA6289__)
 412               	#  include <avr/ioa6289.h>
 413               	/* avr1: the following only supported for assembler programs */
 414               	#elif defined (__AVR_ATtiny28__)
 415               	#  include <avr/iotn28.h>
 416               	#elif defined (__AVR_AT90S1200__)
 417               	#  include <avr/io1200.h>
 418               	#elif defined (__AVR_ATtiny15__)
 419               	#  include <avr/iotn15.h>
 420               	#elif defined (__AVR_ATtiny12__)
 421               	#  include <avr/iotn12.h>
 422               	#elif defined (__AVR_ATtiny11__)
 423               	#  include <avr/iotn11.h>
 424               	#elif defined (__AVR_M3000__)
 425               	#  include <avr/iom3000.h>
 426               	#else
 427               	#  if !defined(__COMPILING_AVR_LIBC__)
 428               	#    warning "device type not defined"
 429               	#  endif
 430               	#endif
 431               	
 432               	#include <avr/portpins.h>
   1               	/* Copyright (c) 2003  Theodore A. Roth
 433               	
 434               	#include <avr/common.h>
GAS LISTING /tmp/ccISsM8e.s 			page 10


   1               	/* Copyright (c) 2007 Eric B. Weddington
 435               	
 436               	#include <avr/version.h>
   1               	/* Copyright (c) 2005, Joerg Wunsch                               -*- c -*-
 437               	
 438               	/* Include fuse.h after individual IO header files. */
 439               	#include <avr/fuse.h>
   1               	/* Copyright (c) 2007, Atmel Corporation
 440               	
 441               	/* Include lock.h after individual IO header files. */
 442               	#include <avr/lock.h>
   1               	/* Copyright (c) 2007, Atmel Corporation
 443               	
  14               	#include "usbtiny.h"
   1               	// ======================================================================
  15               	
  23               	
  24               	#if	USBTINY_FAST_CRC
  25               	; ----------------------------------------------------------------------
  26               	; void crc(unsigned char *data, unsigned char len);
  27               	; ----------------------------------------------------------------------
  28               	#define	data	r24
  29               	#define	len	r22
  30               	
  31               	#define	b	r18
  32               	#define	tmp	r19
  33               	#define	zl	r20
  34               	#define	crc_l	r24
  35               	#define	crc_h	r25
  36               	
  37               		.text
  38               		.global	crc
  39               		.type	crc, @function
  40               	crc:
  41               		; crc = 0xffff
  42:usbtiny/crc.S **** 	movw	XL, r24
  43:usbtiny/crc.S **** 	ldi	crc_h, 0xff
  44:usbtiny/crc.S **** 	ldi	crc_l, 0xff
  45:usbtiny/crc.S **** 	ldi	zl, lo8(crc4tab)
  46:usbtiny/crc.S **** 	ldi	ZH, hi8(crc4tab)
  47:usbtiny/crc.S **** 	rjmp	entry
  48               	
  49               	next_byte:
  50               		; crc ^= b
  51:usbtiny/crc.S **** 	ld	b, X+
  52:usbtiny/crc.S **** 	eor	crc_l, b
  53               	
  54               		; index1 = crc & 0x0f
  55:usbtiny/crc.S **** 	mov	ZL, crc_l
  56:usbtiny/crc.S **** 	andi	ZL, 0x0f
  57               	
  58               		; tmp = crc4tab[index1]
  59:usbtiny/crc.S **** 	add	ZL, zl
  60:usbtiny/crc.S **** 	lpm	tmp, Z+
  61               	
  62               		; index2 = (crc >> 4)
  63:usbtiny/crc.S **** 	mov	ZL, crc_l
GAS LISTING /tmp/ccISsM8e.s 			page 11


  64:usbtiny/crc.S **** 	swap	ZL
  65               	
  66               		; crc >>= 8
  67:usbtiny/crc.S **** 	mov	crc_l, crc_h
  68               	
  69               		; index2 = (index2 ^ tmp) & 0xf
  70:usbtiny/crc.S **** 	mov	crc_h, tmp
  71:usbtiny/crc.S **** 	andi	tmp, 1
  72:usbtiny/crc.S **** 	eor	ZL, tmp
  73:usbtiny/crc.S **** 	andi	ZL, 0x0f
  74               	
  75               		; treat upper byte of CRC remainder
  76:usbtiny/crc.S **** 	swap	crc_h
  77:usbtiny/crc.S **** 	mov	tmp, crc_h
  78:usbtiny/crc.S **** 	andi	crc_h, 0x0f
  79:usbtiny/crc.S **** 	andi	tmp, 0xe0
  80:usbtiny/crc.S **** 	eor	crc_l, tmp
  81               	
  82               		; crc ^= crc4tab[index]
  83:usbtiny/crc.S **** 	add	ZL, zl
  84:usbtiny/crc.S **** 	lpm	tmp, Z+
  85:usbtiny/crc.S **** 	eor	crc_h, tmp
  86:usbtiny/crc.S **** 	andi	tmp, 1
  87:usbtiny/crc.S **** 	eor	crc_h, tmp
  88:usbtiny/crc.S **** 	eor	crc_l, tmp
  89               	
  90               	entry:
  91               		; next byte
  92:usbtiny/crc.S **** 	dec	len
  93:usbtiny/crc.S **** 	brpl	next_byte
  94               	
  95               	done:
  96               		; crc ^= 0xffff
  97:usbtiny/crc.S **** 	com	crc_l
  98:usbtiny/crc.S **** 	com	crc_h
  99               	
 100               		; append crc to buffer
 101:usbtiny/crc.S **** 	st	X+, crc_l
 102:usbtiny/crc.S **** 	st	X+, crc_h
 103               	
 104:usbtiny/crc.S **** 	ret
 105               	
 106               	; ----------------------------------------------------------------------
 107               	; CRC table. As bits 1..8 are always zero, omit them.
 108               	; ----------------------------------------------------------------------
 109               		.section .progmem.crc,"a",@progbits
 110               	;;;	.align	4		; crude way to avoid crossing a page boundary
 111               	crc4tab:
 112 0000 00        		.byte	0x00+0x00
 113 0001 CD        		.byte	0xcc+0x01
 114 0002 D9        		.byte	0xd8+0x01
 115 0003 14        		.byte	0x14+0x00
 116 0004 F1        		.byte	0xf0+0x01
 117 0005 3C        		.byte	0x3c+0x00
 118 0006 28        		.byte	0x28+0x00
 119 0007 E5        		.byte	0xe4+0x01
 120 0008 A1        		.byte	0xa0+0x01
GAS LISTING /tmp/ccISsM8e.s 			page 12


 121 0009 6C        		.byte	0x6c+0x00
 122 000a 78        		.byte	0x78+0x00
 123 000b B5        		.byte	0xb4+0x01
 124 000c 50        		.byte	0x50+0x00
 125 000d 9D        		.byte	0x9c+0x01
 126 000e 89        		.byte	0x88+0x01
 127 000f 44        		.byte	0x44+0x00
GAS LISTING /tmp/ccISsM8e.s 			page 13


DEFINED SYMBOLS
       usbtiny/crc.S:40     .text:0000000000000000 crc
       usbtiny/crc.S:111    .progmem.crc:0000000000000000 crc4tab
       usbtiny/crc.S:90     .text:000000000000003c entry
       usbtiny/crc.S:49     .text:000000000000000c next_byte
       usbtiny/crc.S:95     .text:0000000000000040 done

NO UNDEFINED SYMBOLS
